src/components/Sidebar.tsx(1,1): error TS6133: 'React' is declared but its value is never read.
src/pages/LandingPage.tsx(1,1): error TS6133: 'React' is declared but its value is never read.
src/pages/Profile.tsx(1,8): error TS6133: 'React' is declared but its value is never read.
src/pages/Riwayat.tsx(1,8): error TS6133: 'React' is declared but its value is never read.
src/pages/Riwayat.tsx(2,18): error TS6133: 'Filter' is declared but its value is never read.
src/pages/Riwayat.tsx(54,39): error TS6133: 'idx' is declared but its value is never read.
src/pages/SimulasiInvestasi.tsx(106,23): error TS2322: Type '(value: number) => [string, string]' is not assignable to type 'Formatter<ValueType, NameType> & ((value: ValueType, name: NameType, item: TooltipPayloadEntry, index: number, payload: TooltipPayload) => ReactNode | [...])'.
  Type '(value: number) => [string, string]' is not assignable to type 'Formatter<ValueType, NameType>'.
    Types of parameters 'value' and 'value' are incompatible.
      Type 'ValueType | undefined' is not assignable to type 'number'.
        Type 'undefined' is not assignable to type 'number'.
